var itemArray = [
];
